.bffx/framework_version
.env
.github/pull_request_template.md
Dockerfile.api
Dockerfile.worker
README.md
assets/emails/welcome.html
assets/i18n/en.yaml
bffx/project.yaml
cmd/api/main.go
config/development.yaml
config/production.yaml
go.mod
internal/features/mobile/blueprints/appconfig.yaml
internal/features/mobile/blueprints/apppermission.yaml
internal/features/mobile/blueprints/appstring.yaml
internal/features/mobile/blueprints/appstrings.yaml
internal/features/mobile/builders/bootstrap.yaml
internal/features/mobile/manifests/appconfig.yaml
internal/features/mobile/manifests/apppermission.yaml
internal/features/mobile/manifests/appstring.yaml
internal/features/mobile/screens/home.yaml
internal/features/mobile/tests/appconfig_spec.go
internal/features/mobile/tests/apppermission_spec.go
internal/features/mobile/tests/appstring_spec.go
internal/features/system/blueprints/auditlog.yaml
internal/features/system/blueprints/user.yaml
internal/features/system/cronjobs/sessioncleanup.yaml
internal/features/system/hooks/user.go
internal/features/system/manifests/auditlog.yaml
internal/features/system/manifests/user.yaml
internal/features/system/tests/auditlog_spec.go
internal/features/system/tests/user_spec.go
tests/e2e/bootstrap_test.go
tests/e2e/health_test.go
tests/unit/hooks_test.go
worker/functions/ping.py
worker/skills/echo.py
